#-----------------------------------------------------------
# Vivado v2025.2 (64-bit)
# SW Build 6299465 on Fri Nov 14 19:35:11 GMT 2025
# IP Build 6300035 on Fri Nov 14 10:48:45 MST 2025
# SharedData Build 6298862 on Thu Nov 13 04:50:51 MST 2025
# Start of session at: Mon Apr 27 23:08:47 2026
# Process ID         : 1296
# Current directory  : C:/Users/danny/460M-Labs/lab7/lab7.runs/impl_1
# Command line       : vivado.exe -log Complete_MIPS.vdi -applog -product Vivado -messageDb vivado.pb -mode batch -source Complete_MIPS.tcl -notrace
# Log file           : C:/Users/danny/460M-Labs/lab7/lab7.runs/impl_1/Complete_MIPS.vdi
# Journal file       : C:/Users/danny/460M-Labs/lab7/lab7.runs/impl_1\vivado.jou
# Running On         : DESKTOP-RF1M8IR
# Platform           : Windows Server 2016 or Windows 10
# Operating System   : 26200
# Processor Detail   : 13th Gen Intel(R) Core(TM) i7-13700H
# CPU Frequency      : 2918 MHz
# CPU Physical cores : 14
# CPU Logical cores  : 20
# Host memory        : 34014 MB
# Swap memory        : 2147 MB
# Total Virtual      : 36162 MB
# Available Virtual  : 15054 MB
#-----------------------------------------------------------
source Complete_MIPS.tcl -notrace
